
[1m[46m RUN [49m[22m [36mv4.0.14 [39m[90mC:/Users/werne/Trueque/trueque_web[39m

 [31mΓ¥»[39m tests/frontend/tests/Signup.test.tsx [2m([22m[2m2 tests[22m[2m | [22m[31m2 failed[39m[2m)[22m[33m 2261[2mms[22m[39m
[31m   [31m├ù[31m signup success redirects to /swap[39m[33m 1188[2mms[22m[39m
[31m   [31m├ù[31m email exists shows server error and actionable options[39m[33m 1070[2mms[22m[39m
npx : 
At line:1 char:1
+ npx vitest run tests/frontend/tests/Signup.test.tsx > test_output.txt ...
+ ~~~~~~~~~~~~~~~~~~~~~~~~~~~~~~~~~~~~~~~~~~~~~~~~~~~~~~~~~~~~~~~~~~~~~
    + CategoryInfo          : NotSpecified: (:String) [], RemoteException
    + FullyQualifiedErrorId : NativeCommandError
 
[31mΓÄ»ΓÄ»ΓÄ»ΓÄ»ΓÄ»ΓÄ»ΓÄ»[39m[1m[41m Failed Tests 2 
[49m[22m[31mΓÄ»ΓÄ»ΓÄ»ΓÄ»ΓÄ»ΓÄ»ΓÄ»[39m

[41m[1m FAIL [22m[49m tests/frontend/tests/Signup.test.tsx[2m > 
[22msignup success redirects to /swap
[31m[1mAssertionError[22m[39m: expected "vi.fn()" to be called with 
arguments: [ StringMatching /^\/swap/ ][90m

Number of calls: [1m0[22m
[39m

Ignored nodes: comments, script, style
[36m<html>[39m
  [36m<head />[39m
  [36m<body>[39m
    [36m<div>[39m
      [36m<div[39m
        [33mstyle[39m=[32m"min-height: 100vh; background-color: rgb(245, 
247, 250); font-family: -apple-system, BlinkMacSystemFont, \"Segoe UI\", 
Roboto, \"Helvetica Neue\", Arial, sans-serif;"[39m
      [36m>[39m
        [36m<header[39m
          [33mstyle[39m=[32m"background: linear-gradient(135deg, #4A90E2 
0%, #357ABD 100%); padding: 30px 40px; color: white; box-shadow: 0 2px 10px 
rgba(0,0,0,0.1);"[39m
        [36m>[39m
          [36m<div[39m
            [33mstyle[39m=[32m"max-width: 1200px; margin: 0px auto; 
display: flex; justify-content: space-between; align-items: center;"[39m
          [36m>[39m
            [36m<h1[39m
              [33mstyle[39m=[32m"font-size: 32px; font-weight: 600; 
margin: 0px;"[39m
            [36m>[39m
              [0mCreate your Trueque account[0m
            [36m</h1>[39m
            [36m<button[39m
              [33mstyle[39m=[32m"background: rgba(255, 255, 255, 0.2); 
color: white; padding: 8px 16px; border-radius: 6px; cursor: pointer; 
font-size: 14px; transition: background 0.2s;"[39m
            [36m>[39m
              [0mBack to Welcome[0m
            [36m</button>[39m
          [36m</div>[39m
        [36m</header>[39m
        [36m<main[39m
          [33mstyle[39m=[32m"max-width: 900px; margin: 40px auto; padding: 
0px 40px;"[39m
        [36m>[39m
          [36m<div[39m
            [33mstyle[39m=[32m"background-color: white; border-radius: 
16px; padding: 40px; box-shadow: 0 4px 20px rgba(0,0,0,0.08);"[39m
          [36m>[39m
            [36m<form[39m
              [33mnovalidate[39m=[32m""[39m
            [36m>[39m
              [36m<h2[39m
                [33mstyle[39m=[32m"font-size: 20px; font-weight: 600; 
margin-bottom: 25px; color: rgb(44, 62, 80); padding-bottom: 12px; 
border-bottom: 2px solid rgb(225, 232, 237);"[39m
              [36m>[39m
                [0mAccount Information[0m
              [36m</h2>[39m
              [36m<div[39m
                [33mstyle[39m=[32m"display: grid; grid-template-columns: 
1fr 1fr; gap: 25px; margin-bottom: 30px;"[39m
              [36m>[39m
                [36m<div>[39m
                  [36m<label[39m
                    [33mfor[39m=[32m"username"[39m
                    [33mstyle[39m=[32m"display: block; margin-bottom: 
10px; font-size: 15px; font-weight: 600; color: rgb(52, 73, 94);"[39m
                  [36m>[39m
                    [0mUsername or Email[0m
                  [36m</label>[39m
                  [36m<input[39m
                    [33mid[39m=[32m"username"[39m
                    [33mplaceholder[39m=[32m"your-username or 
email@example.com"[39m
                    [33mrequired[39m=[32m""[39m
                    [33mstyle[39m=[32m"width: 100%; padding: 14px; 
font-size: 16px; border: 2px solid rgb(225, 232, 237); border-radius: 10px; 
background-color: white; transition: border-color 0.2s; box-sizing: 
border-box;"[39m
                    [33mvalue[39m=[32m""[39m
                  [36m/>[39m
                  [36m<div[39m
                    [33mstyle[39m=[32m"font-size: 13px; color: rgb(127, 
140, 141); margin-top: 6px;"[39m
                  [36m>[39m
                    [0mUsername: 3ΓÇô30 chars (letters, numbers, ., _, -)[0m
                  [36m</div>[39m
                  [36m<div[39m
                    [33mstyle[39m=[32m"color: rgb(231, 76, 60); font-size: 
13px; margin-top: 6px; font-weight: 500;"[39m
                  [36m>[39m
                    [0mUsername or email is required[0m
                  [36m</div>[39m
                [36m</div>[39m
                [36m<div>[39m
                  [36m<label[39m
                    [33mfor[39m=[32m"email"[39m
                    [33mstyle[39m=[32m"display: block; margin-bottom: 
10px; font-size: 15px; font-weight: 600; color: rgb(52, 73, 94);"[39m
                  [36m>[39m
                    [0mEmail Address[0m
                  [36m</label>[39m
                  [36m<input[39m
                    [33mid[39m=[32m"email"[39m
                    [33mplaceholder[39m=[32m"your.email@example.com"[39m
                    [33mrequired[39m=[32m""[39m
                    [33mstyle[39m=[32m"width: 100%; padding: 14px; 
font-size: 16px; border: 2px solid rgb(225, 232, 237); border-radius: 10px; 
background-color: white; transition: border-color 0.2s; box-sizing: 
border-box;"[39m
                    [33mtype[39m=[32m"email"[39m
                    [33mvalue[39m=[32m"jane@example.com"[39m
                  [36m/>[39m
                [36m</div>[39m
                [36m<div>[39m
                  [36m<label[39m
                    [33mfor[39m=[32m"password"[39m
                    [33mstyle[39m=[32m"display: block; margin-bottom: 
10px; font-size: 15px; font-weight: 600; color: rgb(52, 73, 94);"[39m
                  [36m>[39m
                    [0mPassword[0m
                  [36m</label>[39m
                  [36m<input[39m
                    [33mid[39m=[32m"password"[39m
                    [33mplaceholder[39m=[32m"Enter a secure password"[39m
                    [33mrequired[39m=[32m""[39m
                    [33mstyle[39m=[32m"width: 100%; padding: 14px; 
font-size: 16px; border: 2px solid rgb(225, 232, 237); border-radius: 10px; 
background-color: white; transition: border-color 0.2s; box-sizing: 
border-box;"[39m
                    [33mtype[39m=[32m"password"[39m
                    [33mvalue[39m=[32m"password123"[39m
                  [36m/>[39m
                [36m</div>[39m
                [36m<div>[39m
                  [36m<label[39m
                    [33mfor[39m=[32m"confirmPassword"[39m
                    [33mstyle[39m=[32m"display: block; margin-bottom: 
10px; font-size: 15px; font-weight: 600; color: rgb(52, 73, 94);"[39m
                  [36m>[39m
                    [0mConfirm Password[0m
                  [36m</label>[39m
                  [36m<input[39m
                    [33mdata-testid[39m=[32m"confirm-password"[39m
                    [33mid[39m=[32m"confirmPassword"[39m
                    [33mplaceholder[39m=[32m"Re-enter your password"[39m
                    [33mrequired[39m=[32m""[39m
                    [33mstyle[39m=[32m"width: 100%; padding: 14px; 
font-size: 16px; border: 2px solid rgb(225, 232, 237); border-radius: 10px; 
background-color: white; transition: border-color 0.2s; box-sizing: 
border-box;"[39m
                    [33mtype[39m=[32m"password"[39m
                    [33mvalue[39m=[32m"password123"[39m
                  [36m/>[39m
                [36m</div>[39m
              [36m</div>[39m
              [36m<div[39m
                [33mstyle[39m=[32m"margin-bottom: 30px;"[39m
             ...
[36m [2mΓ¥»[22m tests/frontend/tests/Signup.test.tsx:[2m57:25[22m[39m
    [90m 55| [39m  [35mawait[39m [34mwaitFor[39m(() [33m=>[39m {
    [90m 56| [39m    [90m// SignupPage calls router.replace('/swap') on 
success[39m
    [90m 57| [39m    
expect(mockReplace).toHaveBeenCalledWith(expect.stringMatching(/^\ΓÇª
    [90m   | [39m                        [31m^[39m
    [90m 58| [39m  })[33m;[39m
    [90m 59| [39m})[33m;[39m
[90m [2mΓ¥»[22m runWithExpensiveErrorDiagnosticsDisabled 
node_modules/@testing-library/dom/dist/config.js:[2m47:12[22m[39m
[90m [2mΓ¥»[22m checkCallback 
node_modules/@testing-library/dom/dist/wait-for.js:[2m124:77[22m[39m
[90m [2mΓ¥»[22m Timeout.checkRealTimersCallback 
node_modules/@testing-library/dom/dist/wait-for.js:[2m118:16[22m[39m

[31m[2mΓÄ»ΓÄ»ΓÄ»ΓÄ»ΓÄ»ΓÄ»ΓÄ»ΓÄ»ΓÄ»ΓÄ»ΓÄ»ΓÄ»ΓÄ»ΓÄ»ΓÄ»ΓÄ»ΓÄ»ΓÄ»ΓÄ»ΓÄ»ΓÄ»ΓÄ»ΓÄ»
ΓÄ»[1/2]ΓÄ»[22m[39m

[41m[1m FAIL [22m[49m tests/frontend/tests/Signup.test.tsx[2m > 
[22memail exists shows server error and actionable options
[31m[1mTestingLibraryElementError[22m[39m: Unable to find an element with 
the text: /An account already exists for/i. This could be because the text is 
broken up by multiple elements. In this case, you can provide a function for 
your text matcher to make your matcher more flexible.

Ignored nodes: comments, script, style
[36m<body>[39m
  [36m<div>[39m
    [36m<div[39m
      [33mstyle[39m=[32m"min-height: 100vh; background-color: rgb(245, 
247, 250); font-family: -apple-system, BlinkMacSystemFont, \"Segoe UI\", 
Roboto, \"Helvetica Neue\", Arial, sans-serif;"[39m
    [36m>[39m
      [36m<header[39m
        [33mstyle[39m=[32m"background: linear-gradient(135deg, #4A90E2 0%, 
#357ABD 100%); padding: 30px 40px; color: white; box-shadow: 0 2px 10px 
rgba(0,0,0,0.1);"[39m
      [36m>[39m
        [36m<div[39m
          [33mstyle[39m=[32m"max-width: 1200px; margin: 0px auto; display: 
flex; justify-content: space-between; align-items: center;"[39m
        [36m>[39m
          [36m<h1[39m
            [33mstyle[39m=[32m"font-size: 32px; font-weight: 600; margin: 
0px;"[39m
          [36m>[39m
            [0mCreate your Trueque account[0m
          [36m</h1>[39m
          [36m<button[39m
            [33mstyle[39m=[32m"background: rgba(255, 255, 255, 0.2); 
color: white; padding: 8px 16px; border-radius: 6px; cursor: pointer; 
font-size: 14px; transition: background 0.2s;"[39m
          [36m>[39m
            [0mBack to Welcome[0m
          [36m</button>[39m
        [36m</div>[39m
      [36m</header>[39m
      [36m<main[39m
        [33mstyle[39m=[32m"max-width: 900px; margin: 40px auto; padding: 
0px 40px;"[39m
      [36m>[39m
        [36m<div[39m
          [33mstyle[39m=[32m"background-color: white; border-radius: 16px; 
padding: 40px; box-shadow: 0 4px 20px rgba(0,0,0,0.08);"[39m
        [36m>[39m
          [36m<form[39m
            [33mnovalidate[39m=[32m""[39m
          [36m>[39m
            [36m<h2[39m
              [33mstyle[39m=[32m"font-size: 20px; font-weight: 600; 
margin-bottom: 25px; color: rgb(44, 62, 80); padding-bottom: 12px; 
border-bottom: 2px solid rgb(225, 232, 237);"[39m
            [36m>[39m
              [0mAccount Information[0m
            [36m</h2>[39m
            [36m<div[39m
              [33mstyle[39m=[32m"display: grid; grid-template-columns: 1fr 
1fr; gap: 25px; margin-bottom: 30px;"[39m
            [36m>[39m
              [36m<div>[39m
                [36m<label[39m
                  [33mfor[39m=[32m"username"[39m
                  [33mstyle[39m=[32m"display: block; margin-bottom: 10px; 
font-size: 15px; font-weight: 600; color: rgb(52, 73, 94);"[39m
                [36m>[39m
                  [0mUsername or Email[0m
                [36m</label>[39m
                [36m<input[39m
                  [33mid[39m=[32m"username"[39m
                  [33mplaceholder[39m=[32m"your-username or 
email@example.com"[39m
                  [33mrequired[39m=[32m""[39m
                  [33mstyle[39m=[32m"width: 100%; padding: 14px; 
font-size: 16px; border: 2px solid rgb(225, 232, 237); border-radius: 10px; 
background-color: white; transition: border-color 0.2s; box-sizing: 
border-box;"[39m
                  [33mvalue[39m=[32m""[39m
                [36m/>[39m
                [36m<div[39m
                  [33mstyle[39m=[32m"font-size: 13px; color: rgb(127, 140, 
141); margin-top: 6px;"[39m
                [36m>[39m
                  [0mUsername: 3ΓÇô30 chars (letters, numbers, ., _, -)[0m
                [36m</div>[39m
                [36m<div[39m
                  [33mstyle[39m=[32m"color: rgb(231, 76, 60); font-size: 
13px; margin-top: 6px; font-weight: 500;"[39m
                [36m>[39m
                  [0mUsername or email is required[0m
                [36m</div>[39m
              [36m</div>[39m
              [36m<div>[39m
                [36m<label[39m
                  [33mfor[39m=[32m"email"[39m
                  [33mstyle[39m=[32m"display: block; margin-bottom: 10px; 
font-size: 15px; font-weight: 600; color: rgb(52, 73, 94);"[39m
                [36m>[39m
                  [0mEmail Address[0m
                [36m</label>[39m
                [36m<input[39m
                  [33mid[39m=[32m"email"[39m
                  [33mplaceholder[39m=[32m"your.email@example.com"[39m
                  [33mrequired[39m=[32m""[39m
                  [33mstyle[39m=[32m"width: 100%; padding: 14px; 
font-size: 16px; border: 2px solid rgb(225, 232, 237); border-radius: 10px; 
background-color: white; transition: border-color 0.2s; box-sizing: 
border-box;"[39m
                  [33mtype[39m=[32m"email"[39m
                  [33mvalue[39m=[32m"exists@example.com"[39m
                [36m/>[39m
              [36m</div>[39m
              [36m<div>[39m
                [36m<label[39m
                  [33mfor[39m=[32m"password"[39m
                  [33mstyle[39m=[32m"display: block; margin-bottom: 10px; 
font-size: 15px; font-weight: 600; color: rgb(52, 73, 94);"[39m
                [36m>[39m
                  [0mPassword[0m
                [36m</label>[39m
                [36m<input[39m
                  [33mid[39m=[32m"password"[39m
                  [33mplaceholder[39m=[32m"Enter a secure password"[39m
                  [33mrequired[39m=[32m""[39m
                  [33mstyle[39m=[32m"width: 100%; padding: 14px; 
font-size: 16px; border: 2px solid rgb(225, 232, 237); border-radius: 10px; 
background-color: white; transition: border-color 0.2s; box-sizing: 
border-box;"[39m
                  [33mtype[39m=[32m"password"[39m
                  [33mvalue[39m=[32m"password123"[39m
                [36m/>[39m
              [36m</div>[39m
              [36m<div>[39m
                [36m<label[39m
                  [33mfor[39m=[32m"confirmPassword"[39m
                  [33mstyle[39m=[32m"display: block; margin-bottom: 10px; 
font-size: 15px; font-weight: 600; color: rgb(52, 73, 94);"[39m
                [36m>[39m
                  [0mConfirm Password[0m
                [36m</label>[39m
                [36m<input[39m
                  [33mdata-testid[39m=[32m"confirm-password"[39m
                  [33mid[39m=[32m"confirmPassword"[39m
                  [33mplaceholder[39m=[32m"Re-enter your password"[39m
                  [33mrequired[39m=[32m""[39m
                  [33mstyle[39m=[32m"width: 100%; padding: 14px; 
font-size: 16px; border: 2px solid rgb(225, 232, 237); border-radius: 10px; 
background-color: white; transition: border-color 0.2s; box-sizing: 
border-box;"[39m
                  [33mtype[39m=[32m"password"[39m
                  [33mvalue[39m=[32m"password123"[39m
                [36m/>[39m
              [36m</div>[39m
            [36m</div>[39m
            [36m<div[39m
              [33mstyle[39m=[32m"margin-bottom: 30px;"[39m
            [36m>[39m
              [36m<label[39m
                [33mstyle[39m=[32m"display: flex; align-items: center; 
gap: 10px; cursor: pointer;"[39m
              [36m>[39m
                [36m<input[39m
                  [33mstyle[39m=[32m"width: 18px; height: ...

Ignored nodes: comments, script, style
[36m<body>[39m
  [36m<div>[39m
    [36m<div[39m
      [33mstyle[39m=[32m"min-height: 100vh; background-color: rgb(245, 
247, 250); font-family: -apple-system, BlinkMacSystemFont, \"Segoe UI\", 
Roboto, \"Helvetica Neue\", Arial, sans-serif;"[39m
    [36m>[39m
      [36m<header[39m
        [33mstyle[39m=[32m"background: linear-gradient(135deg, #4A90E2 0%, 
#357ABD 100%); padding: 30px 40px; color: white; box-shadow: 0 2px 10px 
rgba(0,0,0,0.1);"[39m
      [36m>[39m
        [36m<div[39m
          [33mstyle[39m=[32m"max-width: 1200px; margin: 0px auto; display: 
flex; justify-content: space-between; align-items: center;"[39m
        [36m>[39m
          [36m<h1[39m
            [33mstyle[39m=[32m"font-size: 32px; font-weight: 600; margin: 
0px;"[39m
          [36m>[39m
            [0mCreate your Trueque account[0m
          [36m</h1>[39m
          [36m<button[39m
            [33mstyle[39m=[32m"background: rgba(255, 255, 255, 0.2); 
color: white; padding: 8px 16px; border-radius: 6px; cursor: pointer; 
font-size: 14px; transition: background 0.2s;"[39m
          [36m>[39m
            [0mBack to Welcome[0m
          [36m</button>[39m
        [36m</div>[39m
      [36m</header>[39m
      [36m<main[39m
        [33mstyle[39m=[32m"max-width: 900px; margin: 40px auto; padding: 
0px 40px;"[39m
      [36m>[39m
        [36m<div[39m
          [33mstyle[39m=[32m"background-color: white; border-radius: 16px; 
padding: 40px; box-shadow: 0 4px 20px rgba(0,0,0,0.08);"[39m
        [36m>[39m

[2m Test Files [22m [1m[31m1 failed[39m[22m[90m (1)[39m
[2m      Tests [22m [1m[31m2 failed[39m[22m[90m (2)[39m
[2m   Start at [22m 13:57:20
[2m   Duration [22m 3.45s[2m (transform 184ms, setup 225ms, import 300ms, tests 2.26s, environment 481ms)[22m

          [36m<form[39m
            [33mnovalidate[39m=[32m""[39m
          [36m>[39m
            [36m<h2[39m
              [33mstyle[39m=[32m"font-size: 20px; font-weight: 600; 
margin-bottom: 25px; color: rgb(44, 62, 80); padding-bottom: 12px; 
border-bottom: 2px solid rgb(225, 232, 237);"[39m
            [36m>[39m
              [0mAccount Information[0m
            [36m</h2>[39m
            [36m<div[39m
              [33mstyle[39m=[32m"display: grid; grid-template-columns: 1fr 
1fr; gap: 25px; margin-bottom: 30px;"[39m
            [36m>[39m
              [36m<div>[39m
                [36m<label[39m
                  [33mfor[39m=[32m"username"[39m
                  [33mstyle[39m=[32m"display: block; margin-bottom: 10px; 
font-size: 15px; font-weight: 600; color: rgb(52, 73, 94);"[39m
                [36m>[39m
                  [0mUsername or Email[0m
                [36m</label>[39m
                [36m<input[39m
                  [33mid[39m=[32m"username"[39m
                  [33mplaceholder[39m=[32m"your-username or 
email@example.com"[39m
                  [33mrequired[39m=[32m""[39m
                  [33mstyle[39m=[32m"width: 100%; padding: 14px; 
font-size: 16px; border: 2px solid rgb(225, 232, 237); border-radius: 10px; 
background-color: white; transition: border-color 0.2s; box-sizing: 
border-box;"[39m
                  [33mvalue[39m=[32m""[39m
                [36m/>[39m
                [36m<div[39m
                  [33mstyle[39m=[32m"font-size: 13px; color: rgb(127, 140, 
141); margin-top: 6px;"[39m
                [36m>[39m
                  [0mUsername: 3ΓÇô30 chars (letters, numbers, ., _, -)[0m
                [36m</div>[39m
                [36m<div[39m
                  [33mstyle[39m=[32m"color: rgb(231, 76, 60); font-size: 
13px; margin-top: 6px; font-weight: 500;"[39m
                [36m>[39m
                  [0mUsername or email is required[0m
                [36m</div>[39m
              [36m</div>[39m
              [36m<div>[39m
                [36m<label[39m
                  [33mfor[39m=[32m"email"[39m
                  [33mstyle[39m=[32m"display: block; margin-bottom: 10px; 
font-size: 15px; font-weight: 600; color: rgb(52, 73, 94);"[39m
                [36m>[39m
                  [0mEmail Address[0m
                [36m</label>[39m
                [36m<input[39m
                  [33mid[39m=[32m"email"[39m
                  [33mplaceholder[39m=[32m"your.email@example.com"[39m
                  [33mrequired[39m=[32m""[39m
                  [33mstyle[39m=[32m"width: 100%; padding: 14px; 
font-size: 16px; border: 2px solid rgb(225, 232, 237); border-radius: 10px; 
background-color: white; transition: border-color 0.2s; box-sizing: 
border-box;"[39m
                  [33mtype[39m=[32m"email"[39m
                  [33mvalue[39m=[32m"exists@example.com"[39m
                [36m/>[39m
              [36m</div>[39m
              [36m<div>[39m
                [36m<label[39m
                  [33mfor[39m=[32m"password"[39m
                  [33mstyle[39m=[32m"display: block; margin-bottom: 10px; 
font-size: 15px; font-weight: 600; color: rgb(52, 73, 94);"[39m
                [36m>[39m
                  [0mPassword[0m
                [36m</label>[39m
                [36m<input[39m
                  [33mid[39m=[32m"password"[39m
                  [33mplaceholder[39m=[32m"Enter a secure password"[39m
                  [33mrequired[39m=[32m""[39m
                  [33mstyle[39m=[32m"width: 100%; padding: 14px; 
font-size: 16px; border: 2px solid rgb(225, 232, 237); border-radius: 10px; 
background-color: white; transition: border-color 0.2s; box-sizing: 
border-box;"[39m
                  [33mtype[39m=[32m"password"[39m
                  [33mvalue[39m=[32m"password123"[39m
                [36m/>[39m
              [36m</div>[39m
              [36m<div>[39m
                [36m<label[39m
                  [33mfor[39m=[32m"confirmPassword"[39m
                  [33mstyle[39m=[32m"display: block; margin-bottom: 10px; 
font-size: 15px; font-weight: 600; color: rgb(52, 73, 94);"[39m
                [36m>[39m
                  [0mConfirm Password[0m
                [36m</label>[39m
                [36m<input[39m
                  [33mdata-testid[39m=[32m"confirm-password"[39m
                  [33mid[39m=[32m"confirmPassword"[39m
                  [33mplaceholder[39m=[32m"Re-enter your password"[39m
                  [33mrequired[39m=[32m""[39m
                  [33mstyle[39m=[32m"width: 100%; padding: 14px; 
font-size: 16px; border: 2px solid rgb(225, 232, 237); border-radius: 10px; 
background-color: white; transition: border-color 0.2s; box-sizing: 
border-box;"[39m
                  [33mtype[39m=[32m"password"[39m
                  [33mvalue[39m=[32m"password123"[39m
                [36m/>[39m
              [36m</div>[39m
            [36m</div>[39m
            [36m<div[39m
              [33mstyle[39m=[32m"margin-bottom: 30px;"[39m
            [36m>[39m
              [36m<label[39m
                [33mstyle[39m=[32m"display: flex; align-items: center; 
gap: 10px; cursor: pointer;"[39m
              [36m>[39m
                [36m<input[39m
                  [33mstyle[39m=[32m"width: 18px; height: ...
[90m [2mΓ¥»[22m waitForWrapper 
node_modules/@testing-library/dom/dist/wait-for.js:[2m163:27[22m[39m
[90m [2mΓ¥»[22m 
node_modules/@testing-library/dom/dist/query-helpers.js:[2m86:33[22m[39m
[36m [2mΓ¥»[22m tests/frontend/tests/Signup.test.tsx:[2m79:28[22m[39m
    [90m 77| [39m  [90m// The component shows conflict message for email 
exists scenario[39m
    [90m 78| [39m  [90m// "An account already exists for 
exists@example.com"[39m
    [90m 79| [39m  const err = await screen.findByText(/An account already 
exists for/iΓÇª
    [90m   | [39m                           [31m^[39m
    [90m 80| [39m  
[34mexpect[39m(err)[33m.[39m[34mtoBeInTheDocument[39m()[33m;[39m
    [90m 81| [39m})[33m;[39m

[31m[2mΓÄ»ΓÄ»ΓÄ»ΓÄ»ΓÄ»ΓÄ»ΓÄ»ΓÄ»ΓÄ»ΓÄ»ΓÄ»ΓÄ»ΓÄ»ΓÄ»ΓÄ»ΓÄ»ΓÄ»ΓÄ»ΓÄ»ΓÄ»ΓÄ»ΓÄ»ΓÄ»
ΓÄ»[2/2]ΓÄ»[22m[39m

