src/components/AuditDashboard.tsx(1,1): error TS1185: Merge conflict marker encountered.
src/components/AuditDashboard.tsx(22,1): error TS1185: Merge conflict marker encountered.
src/components/AuditDashboard.tsx(44,1): error TS1185: Merge conflict marker encountered.
src/components/AuditDashboard.tsx(53,1): error TS1185: Merge conflict marker encountered.
src/components/AuditDashboard.tsx(66,1): error TS1185: Merge conflict marker encountered.
src/components/AuditDashboard.tsx(84,1): error TS1185: Merge conflict marker encountered.
src/components/AuditDashboard.tsx(89,84): error TS1005: '</' expected.
src/components/AuditDashboard.tsx(90,1): error TS1185: Merge conflict marker encountered.
src/components/AuditDashboard.tsx(91,7): error TS2657: JSX expressions must have one parent element.
src/components/AuditDashboard.tsx(94,5): error TS1128: Declaration or statement expected.
src/components/AuditDashboard.tsx(95,3): error TS1109: Expression expected.
src/components/AuditDashboard.tsx(96,1): error TS1185: Merge conflict marker encountered.
src/components/AuditDashboard.tsx(105,1): error TS1185: Merge conflict marker encountered.
src/components/AuditDashboardFilters.tsx(1,1): error TS1185: Merge conflict marker encountered.
src/components/AuditDashboardFilters.tsx(18,1): error TS1185: Merge conflict marker encountered.
src/components/AuditDashboardFilters.tsx(41,1): error TS1185: Merge conflict marker encountered.
src/components/AuditDashboardFilters.tsx(51,1): error TS1185: Merge conflict marker encountered.
src/components/AuditDashboardFilters.tsx(62,1): error TS1185: Merge conflict marker encountered.
src/components/AuditDashboardFilters.tsx(76,1): error TS1185: Merge conflict marker encountered.
src/components/AuditDashboardFilters.tsx(80,49): error TS1005: '</' expected.
src/components/AuditDashboardFilters.tsx(81,1): error TS1185: Merge conflict marker encountered.
src/components/AuditDashboardFilters.tsx(82,7): error TS2657: JSX expressions must have one parent element.
src/components/AuditDashboardFilters.tsx(91,1): error TS1382: Unexpected token. Did you mean `{'>'}` or `&gt;`?
src/components/AuditDashboardFilters.tsx(91,2): error TS1382: Unexpected token. Did you mean `{'>'}` or `&gt;`?
src/components/AuditDashboardFilters.tsx(91,3): error TS1382: Unexpected token. Did you mean `{'>'}` or `&gt;`?
src/components/AuditDashboardFilters.tsx(91,4): error TS1382: Unexpected token. Did you mean `{'>'}` or `&gt;`?
src/components/AuditDashboardFilters.tsx(91,5): error TS1382: Unexpected token. Did you mean `{'>'}` or `&gt;`?
src/components/AuditDashboardFilters.tsx(91,6): error TS1382: Unexpected token. Did you mean `{'>'}` or `&gt;`?
src/components/AuditDashboardFilters.tsx(91,7): error TS1382: Unexpected token. Did you mean `{'>'}` or `&gt;`?
src/components/AuditDashboardFilters.tsx(94,18): error TS1005: ';' expected.
src/components/AuditDashboardFilters.tsx(94,18): error TS1005: '</' expected.
src/components/AuditDashboardFilters.tsx(96,1): error TS1185: Merge conflict marker encountered.
src/components/AuditDashboardFilters.tsx(100,1): error TS1382: Unexpected token. Did you mean `{'>'}` or `&gt;`?
src/components/AuditDashboardFilters.tsx(100,2): error TS1382: Unexpected token. Did you mean `{'>'}` or `&gt;`?
src/components/AuditDashboardFilters.tsx(100,3): error TS1382: Unexpected token. Did you mean `{'>'}` or `&gt;`?
src/components/AuditDashboardFilters.tsx(100,4): error TS1382: Unexpected token. Did you mean `{'>'}` or `&gt;`?
src/components/AuditDashboardFilters.tsx(100,5): error TS1382: Unexpected token. Did you mean `{'>'}` or `&gt;`?
src/components/AuditDashboardFilters.tsx(100,6): error TS1382: Unexpected token. Did you mean `{'>'}` or `&gt;`?
src/components/AuditDashboardFilters.tsx(100,7): error TS1382: Unexpected token. Did you mean `{'>'}` or `&gt;`?
src/components/AuditDashboardFilters.tsx(103,18): error TS1005: '</' expected.
src/components/AuditDashboardFilters.tsx(105,1): error TS1185: Merge conflict marker encountered.
src/components/AuditDashboardFilters.tsx(109,1): error TS1382: Unexpected token. Did you mean `{'>'}` or `&gt;`?
src/components/AuditDashboardFilters.tsx(109,2): error TS1382: Unexpected token. Did you mean `{'>'}` or `&gt;`?
src/components/AuditDashboardFilters.tsx(109,3): error TS1382: Unexpected token. Did you mean `{'>'}` or `&gt;`?
src/components/AuditDashboardFilters.tsx(109,4): error TS1382: Unexpected token. Did you mean `{'>'}` or `&gt;`?
src/components/AuditDashboardFilters.tsx(109,5): error TS1382: Unexpected token. Did you mean `{'>'}` or `&gt;`?
src/components/AuditDashboardFilters.tsx(109,6): error TS1382: Unexpected token. Did you mean `{'>'}` or `&gt;`?
src/components/AuditDashboardFilters.tsx(109,7): error TS1382: Unexpected token. Did you mean `{'>'}` or `&gt;`?
src/components/AuditDashboardFilters.tsx(112,18): error TS1005: '</' expected.
src/components/AuditDashboardFilters.tsx(114,1): error TS1185: Merge conflict marker encountered.
src/components/AuditDashboardFilters.tsx(118,1): error TS1382: Unexpected token. Did you mean `{'>'}` or `&gt;`?
src/components/AuditDashboardFilters.tsx(118,2): error TS1382: Unexpected token. Did you mean `{'>'}` or `&gt;`?
src/components/AuditDashboardFilters.tsx(118,3): error TS1382: Unexpected token. Did you mean `{'>'}` or `&gt;`?
src/components/AuditDashboardFilters.tsx(118,4): error TS1382: Unexpected token. Did you mean `{'>'}` or `&gt;`?
src/components/AuditDashboardFilters.tsx(118,5): error TS1382: Unexpected token. Did you mean `{'>'}` or `&gt;`?
src/components/AuditDashboardFilters.tsx(118,6): error TS1382: Unexpected token. Did you mean `{'>'}` or `&gt;`?
src/components/AuditDashboardFilters.tsx(118,7): error TS1382: Unexpected token. Did you mean `{'>'}` or `&gt;`?
src/components/AuditDashboardFilters.tsx(122,18): error TS1005: '</' expected.
src/components/AuditDashboardFilters.tsx(124,1): error TS1185: Merge conflict marker encountered.
src/components/AuditDashboardFilters.tsx(128,1): error TS1382: Unexpected token. Did you mean `{'>'}` or `&gt;`?
src/components/AuditDashboardFilters.tsx(128,2): error TS1382: Unexpected token. Did you mean `{'>'}` or `&gt;`?
src/components/AuditDashboardFilters.tsx(128,3): error TS1382: Unexpected token. Did you mean `{'>'}` or `&gt;`?
src/components/AuditDashboardFilters.tsx(128,4): error TS1382: Unexpected token. Did you mean `{'>'}` or `&gt;`?
src/components/AuditDashboardFilters.tsx(128,5): error TS1382: Unexpected token. Did you mean `{'>'}` or `&gt;`?
src/components/AuditDashboardFilters.tsx(128,6): error TS1382: Unexpected token. Did you mean `{'>'}` or `&gt;`?
src/components/AuditDashboardFilters.tsx(128,7): error TS1382: Unexpected token. Did you mean `{'>'}` or `&gt;`?
src/components/AuditDashboardFilters.tsx(132,18): error TS1005: '</' expected.
src/components/AuditDashboardFilters.tsx(134,1): error TS1185: Merge conflict marker encountered.
src/components/AuditDashboardFilters.tsx(135,9): error TS2657: JSX expressions must have one parent element.
src/components/AuditDashboardFilters.tsx(138,1): error TS1382: Unexpected token. Did you mean `{'>'}` or `&gt;`?
src/components/AuditDashboardFilters.tsx(138,2): error TS1382: Unexpected token. Did you mean `{'>'}` or `&gt;`?
src/components/AuditDashboardFilters.tsx(138,3): error TS1382: Unexpected token. Did you mean `{'>'}` or `&gt;`?
src/components/AuditDashboardFilters.tsx(138,4): error TS1382: Unexpected token. Did you mean `{'>'}` or `&gt;`?
src/components/AuditDashboardFilters.tsx(138,5): error TS1382: Unexpected token. Did you mean `{'>'}` or `&gt;`?
src/components/AuditDashboardFilters.tsx(138,6): error TS1382: Unexpected token. Did you mean `{'>'}` or `&gt;`?
src/components/AuditDashboardFilters.tsx(138,7): error TS1382: Unexpected token. Did you mean `{'>'}` or `&gt;`?
src/components/AuditDashboardFilters.tsx(143,9): error TS17002: Expected corresponding JSX closing tag for 'select'.
src/components/AuditDashboardFilters.tsx(145,52): error TS1005: ';' expected.
src/components/AuditDashboardFilters.tsx(145,52): error TS1005: '</' expected.
src/components/AuditDashboardFilters.tsx(146,1): error TS1185: Merge conflict marker encountered.
src/components/AuditDashboardFilters.tsx(147,9): error TS2657: JSX expressions must have one parent element.
src/components/AuditDashboardFilters.tsx(159,7): error TS1128: Declaration or statement expected.
src/components/AuditDashboardFilters.tsx(160,5): error TS1109: Expression expected.
src/components/AuditDashboardFilters.tsx(161,3): error TS1109: Expression expected.
src/components/AuditDashboardFilters.tsx(163,1): error TS1185: Merge conflict marker encountered.
src/components/AuditDashboardFilters.tsx(170,1): error TS1185: Merge conflict marker encountered.
src/components/AuditDashboardSummary.tsx(1,1): error TS1185: Merge conflict marker encountered.
src/components/AuditDashboardSummary.tsx(12,1): error TS1185: Merge conflict marker encountered.
src/components/AuditDashboardSummary.tsx(37,1): error TS1185: Merge conflict marker encountered.
src/components/AuditDashboardSummary.tsx(49,1): error TS1185: Merge conflict marker encountered.
src/components/AuditDashboardSummary.tsx(56,1): error TS1185: Merge conflict marker encountered.
src/components/AuditDashboardSummary.tsx(63,1): error TS1185: Merge conflict marker encountered.
src/components/AuditDashboardTable.tsx(1,1): error TS1185: Merge conflict marker encountered.
src/components/AuditDashboardTable.tsx(2,1): error TS1185: Merge conflict marker encountered.
src/components/AuditDashboardTable.tsx(4,1): error TS1185: Merge conflict marker encountered.
src/components/AuditDashboardTable.tsx(29,1): error TS1185: Merge conflict marker encountered.
src/components/AuditDashboardTable.tsx(35,1): error TS1185: Merge conflict marker encountered.
src/components/AuditDashboardTable.tsx(43,1): error TS1185: Merge conflict marker encountered.
src/components/AuditDashboardTable.tsx(53,1): error TS1185: Merge conflict marker encountered.
src/components/AuditDashboardTable.tsx(57,1): error TS1185: Merge conflict marker encountered.
src/components/AuditDashboardTable.tsx(61,1): error TS1185: Merge conflict marker encountered.
src/components/AuditDashboardTable.tsx(80,16): error TS1005: '</' expected.
src/components/AuditDashboardTable.tsx(81,1): error TS1185: Merge conflict marker encountered.
src/components/AuditDashboardTable.tsx(83,1): error TS1185: Merge conflict marker encountered.
src/components/AuditDashboardTable.tsx(85,1): error TS1185: Merge conflict marker encountered.
src/components/AuditDashboardTable.tsx(112,9): error TS1128: Declaration or statement expected.
src/components/AuditDashboardTable.tsx(113,7): error TS1109: Expression expected.
src/components/AuditDashboardTable.tsx(115,18): error TS1005: ',' expected.
src/components/AuditDashboardTable.tsx(122,5): error TS1128: Declaration or statement expected.
src/components/AuditDashboardTable.tsx(122,7): error TS1109: Expression expected.
src/components/AuditDashboardTable.tsx(123,3): error TS1109: Expression expected.
src/components/AuditDashboardTable.tsx(124,1): error TS1185: Merge conflict marker encountered.
src/components/AuditDashboardTable.tsx(125,1): error TS1128: Declaration or statement expected.
src/components/AuditDashboardTable.tsx(126,1): error TS1185: Merge conflict marker encountered.
src/components/AuditDashboardTable.tsx(128,1): error TS1185: Merge conflict marker encountered.
src/components/AuditPreview.tsx(1,1): error TS1185: Merge conflict marker encountered.
src/components/AuditPreview.tsx(35,1): error TS1185: Merge conflict marker encountered.
src/components/AuditPreview.tsx(73,1): error TS1185: Merge conflict marker encountered.
src/components/AuditPreview.tsx(81,98): error TS1005: '</' expected.
src/components/AuditPreview.tsx(82,1): error TS1185: Merge conflict marker encountered.
src/components/AuditPreview.tsx(83,9): error TS2657: JSX expressions must have one parent element.
src/components/AuditPreview.tsx(84,1): error TS1185: Merge conflict marker encountered.
src/components/AuditPreview.tsx(86,1): error TS1185: Merge conflict marker encountered.
src/components/AuditPreview.tsx(93,1): error TS1185: Merge conflict marker encountered.
src/components/AuditPreview.tsx(94,7): error TS1128: Declaration or statement expected.
src/components/AuditPreview.tsx(110,5): error TS1128: Declaration or statement expected.
src/components/AuditPreview.tsx(111,3): error TS1109: Expression expected.
src/components/AuditPreview.tsx(113,1): error TS1185: Merge conflict marker encountered.
src/components/AuditPreview.tsx(125,1): error TS1185: Merge conflict marker encountered.
src/components/BeneficiaryRetryModal.tsx(78,1): error TS1185: Merge conflict marker encountered.
src/components/BeneficiaryRetryModal.tsx(80,1): error TS1185: Merge conflict marker encountered.
src/components/BeneficiaryRetryModal.tsx(82,1): error TS1185: Merge conflict marker encountered.
src/components/BeneficiarySelector.tsx(78,1): error TS1185: Merge conflict marker encountered.
src/components/BeneficiarySelector.tsx(80,1): error TS1185: Merge conflict marker encountered.
src/components/BeneficiarySelector.tsx(82,1): error TS1185: Merge conflict marker encountered.
src/components/ConfirmTransfer.tsx(66,31): error TS1005: '</' expected.
src/components/ConfirmTransfer.tsx(67,1): error TS1185: Merge conflict marker encountered.
src/components/ConfirmTransfer.tsx(69,1): error TS1185: Merge conflict marker encountered.
src/components/ConfirmTransfer.tsx(71,1): error TS1185: Merge conflict marker encountered.
src/components/ConfirmTransfer.tsx(72,9): error TS1128: Declaration or statement expected.
src/components/ConfirmTransfer.tsx(73,9): error TS2657: JSX expressions must have one parent element.
src/components/ConfirmTransfer.tsx(141,7): error TS1128: Declaration or statement expected.
src/components/ConfirmTransfer.tsx(157,5): error TS1128: Declaration or statement expected.
src/components/ConfirmTransfer.tsx(158,3): error TS1109: Expression expected.
src/components/CorridorSelector.tsx(1,1): error TS1185: Merge conflict marker encountered.
src/components/CorridorSelector.tsx(2,1): error TS1185: Merge conflict marker encountered.
src/components/CorridorSelector.tsx(4,1): error TS1185: Merge conflict marker encountered.
src/components/CorridorSelector.tsx(76,1): error TS1185: Merge conflict marker encountered.
src/components/CorridorSelector.tsx(80,1): error TS1185: Merge conflict marker encountered.
src/components/CorridorSelector.tsx(84,1): error TS1185: Merge conflict marker encountered.
src/components/CorridorSelector.tsx(98,1): error TS1185: Merge conflict marker encountered.
src/components/CorridorSelector.tsx(99,1): error TS1185: Merge conflict marker encountered.
src/components/CorridorSelector.tsx(103,1): error TS1185: Merge conflict marker encountered.
src/components/CorridorSelector.tsx(170,1): error TS1185: Merge conflict marker encountered.
src/components/CorridorSelector.tsx(172,1): error TS1185: Merge conflict marker encountered.
src/components/CorridorSelector.tsx(174,1): error TS1185: Merge conflict marker encountered.
src/components/KYCRetryModal.tsx(1,1): error TS1185: Merge conflict marker encountered.
src/components/KYCRetryModal.tsx(45,1): error TS1185: Merge conflict marker encountered.
src/components/KYCRetryModal.tsx(75,1): error TS1185: Merge conflict marker encountered.
src/components/KYCRetryModal.tsx(80,1): error TS1185: Merge conflict marker encountered.
src/components/KYCRetryModal.tsx(107,1): error TS1185: Merge conflict marker encountered.
src/components/KYCRetryModal.tsx(129,1): error TS1185: Merge conflict marker encountered.
src/components/onboarding/BeneficiaryMethodHelper.tsx(169,1): error TS1185: Merge conflict marker encountered.
src/components/onboarding/BeneficiaryMethodHelper.tsx(171,1): error TS1185: Merge conflict marker encountered.
src/components/onboarding/BeneficiaryMethodHelper.tsx(173,1): error TS1185: Merge conflict marker encountered.
src/components/onboarding/RegisterUser.tsx(1,1): error TS1185: Merge conflict marker encountered.
src/components/onboarding/RegisterUser.tsx(12,1): error TS1185: Merge conflict marker encountered.
src/components/onboarding/RegisterUser.tsx(43,1): error TS1185: Merge conflict marker encountered.
src/components/PaymentOptions.tsx(83,90): error TS1005: '</' expected.
src/components/PaymentOptions.tsx(84,1): error TS1185: Merge conflict marker encountered.
src/components/PaymentOptions.tsx(85,9): error TS2657: JSX expressions must have one parent element.
src/components/PaymentOptions.tsx(86,1): error TS1185: Merge conflict marker encountered.
src/components/PaymentOptions.tsx(88,1): error TS1185: Merge conflict marker encountered.
src/components/PaymentOptions.tsx(172,7): error TS1128: Declaration or statement expected.
src/components/PaymentOptions.tsx(193,5): error TS1128: Declaration or statement expected.
src/components/PaymentOptions.tsx(194,3): error TS1109: Expression expected.
src/components/SelectBeneficiary.tsx(1,1): error TS1185: Merge conflict marker encountered.
src/components/SelectBeneficiary.tsx(30,1): error TS1185: Merge conflict marker encountered.
src/components/SelectBeneficiary.tsx(94,1): error TS1185: Merge conflict marker encountered.
src/components/SendConfirmation.tsx(53,90): error TS1005: '</' expected.
src/components/SendConfirmation.tsx(54,1): error TS1185: Merge conflict marker encountered.
src/components/SendConfirmation.tsx(55,9): error TS2657: JSX expressions must have one parent element.
src/components/SendConfirmation.tsx(56,1): error TS1185: Merge conflict marker encountered.
src/components/SendConfirmation.tsx(58,1): error TS1185: Merge conflict marker encountered.
src/components/SendConfirmation.tsx(97,7): error TS1128: Declaration or statement expected.
src/components/SendConfirmation.tsx(113,5): error TS1128: Declaration or statement expected.
src/components/SendConfirmation.tsx(114,3): error TS1109: Expression expected.
src/components/SendFlow.tsx(1,1): error TS1185: Merge conflict marker encountered.
src/components/SendFlow.tsx(52,1): error TS1185: Merge conflict marker encountered.
src/components/SendFlow.tsx(82,1): error TS1185: Merge conflict marker encountered.
src/lib/server/db.ts(1,1): error TS1185: Merge conflict marker encountered.
src/lib/server/db.ts(16,1): error TS1185: Merge conflict marker encountered.
src/lib/server/db.ts(40,1): error TS1185: Merge conflict marker encountered.
src/lib/session.ts(1,1): error TS1185: Merge conflict marker encountered.
src/lib/session.ts(34,1): error TS1185: Merge conflict marker encountered.
src/lib/session.ts(121,1): error TS1185: Merge conflict marker encountered.
src/lib/session.ts(130,1): error TS1185: Merge conflict marker encountered.
src/lib/session.ts(141,1): error TS1185: Merge conflict marker encountered.
src/lib/session.ts(171,1): error TS1185: Merge conflict marker encountered.
src/main.tsx(1,1): error TS1185: Merge conflict marker encountered.
src/main.tsx(13,1): error TS1185: Merge conflict marker encountered.
src/main.tsx(22,1): error TS1185: Merge conflict marker encountered.
src/pages/account/profile.tsx(1,1): error TS1185: Merge conflict marker encountered.
src/pages/account/profile.tsx(17,1): error TS1185: Merge conflict marker encountered.
src/pages/account/profile.tsx(26,1): error TS1185: Merge conflict marker encountered.
src/pages/account/profile.tsx(32,1): error TS1185: Merge conflict marker encountered.
src/pages/account/profile.tsx(50,1): error TS1185: Merge conflict marker encountered.
src/pages/account/profile.tsx(75,1): error TS1185: Merge conflict marker encountered.
src/pages/account/profile.tsx(80,1): error TS1185: Merge conflict marker encountered.
src/pages/account/profile.tsx(103,1): error TS1185: Merge conflict marker encountered.
src/pages/account/profile.tsx(135,1): error TS1185: Merge conflict marker encountered.
src/pages/api/auth/signin.ts(1,1): error TS1185: Merge conflict marker encountered.
src/pages/api/auth/signin.ts(4,1): error TS1185: Merge conflict marker encountered.
src/pages/api/auth/signin.ts(32,1): error TS1185: Merge conflict marker encountered.
src/pages/api/auth/signin.ts(38,1): error TS1185: Merge conflict marker encountered.
src/pages/api/auth/signin.ts(46,1): error TS1185: Merge conflict marker encountered.
src/pages/api/auth/signin.ts(125,1): error TS1185: Merge conflict marker encountered.
src/pages/api/auth/signup.ts(3,1): error TS1185: Merge conflict marker encountered.
src/pages/api/auth/signup.ts(17,1): error TS1185: Merge conflict marker encountered.
src/pages/api/auth/signup.ts(167,1): error TS1185: Merge conflict marker encountered.
src/pages/api/beneficiaries/[id]/retry.ts(3,1): error TS1185: Merge conflict marker encountered.
src/pages/api/beneficiaries/[id]/retry.ts(5,1): error TS1185: Merge conflict marker encountered.
src/pages/api/beneficiaries/[id]/retry.ts(7,1): error TS1185: Merge conflict marker encountered.
src/pages/api/beneficiaries/[id]/retry.ts(30,1): error TS1185: Merge conflict marker encountered.
src/pages/api/beneficiaries/[id]/retry.ts(34,1): error TS1185: Merge conflict marker encountered.
src/pages/api/beneficiaries/[id]/retry.ts(38,1): error TS1185: Merge conflict marker encountered.
src/pages/api/beneficiaries/[id]/retry.ts(47,1): error TS1185: Merge conflict marker encountered.
src/pages/api/beneficiaries/[id]/retry.ts(57,1): error TS1185: Merge conflict marker encountered.
src/pages/api/beneficiaries/[id]/retry.ts(67,1): error TS1185: Merge conflict marker encountered.
src/pages/api/beneficiaries/[id]/retry.ts(72,1): error TS1185: Merge conflict marker encountered.
src/pages/api/beneficiaries/[id]/retry.ts(78,1): error TS1185: Merge conflict marker encountered.
src/pages/api/beneficiaries/[id]/retry.ts(83,1): error TS1185: Merge conflict marker encountered.
src/pages/api/beneficiaries/[id]/retry.ts(114,1): error TS1185: Merge conflict marker encountered.
src/pages/api/beneficiaries/[id]/retry.ts(117,1): error TS1185: Merge conflict marker encountered.
src/pages/api/beneficiaries/[id]/retry.ts(120,1): error TS1185: Merge conflict marker encountered.
src/pages/api/beneficiaries/[id]/screen.ts(3,1): error TS1185: Merge conflict marker encountered.
src/pages/api/beneficiaries/[id]/screen.ts(5,1): error TS1185: Merge conflict marker encountered.
src/pages/api/beneficiaries/[id]/screen.ts(7,1): error TS1185: Merge conflict marker encountered.
src/pages/api/beneficiaries/[id]/screen.ts(24,1): error TS1185: Merge conflict marker encountered.
src/pages/api/beneficiaries/[id]/screen.ts(26,1): error TS1185: Merge conflict marker encountered.
src/pages/api/beneficiaries/[id]/screen.ts(27,1): error TS1185: Merge conflict marker encountered.
src/pages/api/beneficiaries/[id]/screen.ts(32,1): error TS1185: Merge conflict marker encountered.
src/pages/api/beneficiaries/[id]/screen.ts(40,1): error TS1185: Merge conflict marker encountered.
src/pages/api/beneficiaries/[id]/screen.ts(44,1): error TS1185: Merge conflict marker encountered.
src/pages/api/beneficiaries/[id]/screen.ts(69,1): error TS1185: Merge conflict marker encountered.
src/pages/api/beneficiaries/[id]/screen.ts(73,1): error TS1185: Merge conflict marker encountered.
src/pages/api/beneficiaries/[id]/screen.ts(76,1): error TS1185: Merge conflict marker encountered.
src/pages/api/beneficiaries/[id]/screen.ts(97,1): error TS1185: Merge conflict marker encountered.
src/pages/api/beneficiaries/[id]/screen.ts(99,1): error TS1185: Merge conflict marker encountered.
src/pages/api/beneficiaries/[id]/screen.ts(101,1): error TS1185: Merge conflict marker encountered.
src/pages/api/beneficiaries/index.ts(4,1): error TS1185: Merge conflict marker encountered.
src/pages/api/beneficiaries/index.ts(6,1): error TS1185: Merge conflict marker encountered.
src/pages/api/beneficiaries/index.ts(8,1): error TS1185: Merge conflict marker encountered.
src/pages/api/beneficiaries/index.ts(17,1): error TS1185: Merge conflict marker encountered.
src/pages/api/beneficiaries/index.ts(24,1): error TS1185: Merge conflict marker encountered.
src/pages/api/beneficiaries/index.ts(26,1): error TS1185: Merge conflict marker encountered.
src/pages/api/beneficiaries/index.ts(34,1): error TS1185: Merge conflict marker encountered.
src/pages/api/beneficiaries/index.ts(36,1): error TS1185: Merge conflict marker encountered.
src/pages/api/beneficiaries/index.ts(37,1): error TS1185: Merge conflict marker encountered.
src/pages/api/beneficiaries/index.ts(42,1): error TS1185: Merge conflict marker encountered.
src/pages/api/beneficiaries/index.ts(44,1): error TS1185: Merge conflict marker encountered.
src/pages/api/beneficiaries/index.ts(46,1): error TS1185: Merge conflict marker encountered.
src/pages/api/beneficiaries/index.ts(53,1): error TS1185: Merge conflict marker encountered.
src/pages/api/beneficiaries/index.ts(56,1): error TS1185: Merge conflict marker encountered.
src/pages/api/beneficiaries/index.ts(57,1): error TS1185: Merge conflict marker encountered.
src/pages/api/beneficiaries/index.ts(88,1): error TS1185: Merge conflict marker encountered.
src/pages/api/beneficiaries/index.ts(90,1): error TS1185: Merge conflict marker encountered.
src/pages/api/beneficiaries/index.ts(92,1): error TS1185: Merge conflict marker encountered.
src/pages/api/beneficiaries/index.ts(102,1): error TS1185: Merge conflict marker encountered.
src/pages/api/beneficiaries/index.ts(106,1): error TS1185: Merge conflict marker encountered.
src/pages/api/beneficiaries/index.ts(111,1): error TS1185: Merge conflict marker encountered.
src/pages/api/beneficiaries/index.ts(128,1): error TS1185: Merge conflict marker encountered.
src/pages/api/beneficiaries/index.ts(130,1): error TS1185: Merge conflict marker encountered.
src/pages/api/beneficiaries/index.ts(132,1): error TS1185: Merge conflict marker encountered.
src/pages/api/kyc/retry.ts(1,1): error TS1185: Merge conflict marker encountered.
src/pages/api/kyc/retry.ts(14,1): error TS1185: Merge conflict marker encountered.
src/pages/api/kyc/retry.ts(27,1): error TS1185: Merge conflict marker encountered.
src/pages/api/kyc/retry.ts(32,1): error TS1185: Merge conflict marker encountered.
src/pages/api/kyc/retry.ts(53,1): error TS1185: Merge conflict marker encountered.
src/pages/api/kyc/retry.ts(65,1): error TS1185: Merge conflict marker encountered.
src/pages/api/kyc/retry.ts(70,1): error TS1185: Merge conflict marker encountered.
src/pages/api/kyc/retry.ts(94,1): error TS1185: Merge conflict marker encountered.
src/pages/api/kyc/retry.ts(127,1): error TS1185: Merge conflict marker encountered.
src/pages/api/kyc/status.ts(2,1): error TS1185: Merge conflict marker encountered.
src/pages/api/kyc/status.ts(28,1): error TS1185: Merge conflict marker encountered.
src/pages/api/kyc/status.ts(178,1): error TS1185: Merge conflict marker encountered.
src/pages/api/kyc/submit.ts(1,1): error TS1185: Merge conflict marker encountered.
src/pages/api/kyc/submit.ts(14,1): error TS1185: Merge conflict marker encountered.
src/pages/api/kyc/submit.ts(27,1): error TS1185: Merge conflict marker encountered.
src/pages/api/kyc/submit.ts(32,1): error TS1185: Merge conflict marker encountered.
src/pages/api/kyc/submit.ts(39,1): error TS1185: Merge conflict marker encountered.
src/pages/api/kyc/submit.ts(47,1): error TS1185: Merge conflict marker encountered.
src/pages/api/kyc/submit.ts(52,1): error TS1185: Merge conflict marker encountered.
src/pages/api/kyc/submit.ts(83,1): error TS1185: Merge conflict marker encountered.
src/pages/api/kyc/submit.ts(109,1): error TS1185: Merge conflict marker encountered.
src/pages/api/kyc/submit.ts(114,1): error TS1185: Merge conflict marker encountered.
src/pages/api/kyc/submit.ts(126,1): error TS1185: Merge conflict marker encountered.
src/pages/api/kyc/submit.ts(143,1): error TS1185: Merge conflict marker encountered.
src/pages/api/kyc/submit.ts(150,1): error TS1185: Merge conflict marker encountered.
src/pages/api/kyc/submit.ts(162,1): error TS1185: Merge conflict marker encountered.
src/pages/api/kyc/submit.ts(183,1): error TS1185: Merge conflict marker encountered.
src/pages/api/kyc/upload.ts(1,1): error TS1185: Merge conflict marker encountered.
src/pages/api/kyc/upload.ts(66,1): error TS1185: Merge conflict marker encountered.
src/pages/api/kyc/upload.ts(151,1): error TS1185: Merge conflict marker encountered.
src/pages/api/some.ts(2,1): error TS1185: Merge conflict marker encountered.
src/pages/api/some.ts(9,1): error TS1185: Merge conflict marker encountered.
src/pages/api/some.ts(22,1): error TS1185: Merge conflict marker encountered.
src/pages/app/index.tsx(11,1): error TS1185: Merge conflict marker encountered.
src/pages/app/index.tsx(13,1): error TS1185: Merge conflict marker encountered.
src/pages/app/index.tsx(15,1): error TS1185: Merge conflict marker encountered.
src/pages/audit-dashboard.tsx(2,1): error TS1185: Merge conflict marker encountered.
src/pages/audit-dashboard.tsx(13,1): error TS1185: Merge conflict marker encountered.
src/pages/audit-dashboard.tsx(19,1): error TS1185: Merge conflict marker encountered.
src/pages/audit.tsx(1,1): error TS1185: Merge conflict marker encountered.
src/pages/audit.tsx(7,1): error TS1185: Merge conflict marker encountered.
src/pages/audit.tsx(11,1): error TS1185: Merge conflict marker encountered.
src/pages/audit.tsx(16,1): error TS1185: Merge conflict marker encountered.
src/pages/audit.tsx(50,1): error TS1185: Merge conflict marker encountered.
src/pages/audit.tsx(75,1): error TS1185: Merge conflict marker encountered.
src/pages/Dashboard.tsx(1,1): error TS1185: Merge conflict marker encountered.
src/pages/Dashboard.tsx(7,1): error TS1185: Merge conflict marker encountered.
src/pages/Dashboard.tsx(45,1): error TS1185: Merge conflict marker encountered.
src/pages/Dashboard.tsx(51,1): error TS1185: Merge conflict marker encountered.
src/pages/Dashboard.tsx(53,1): error TS1185: Merge conflict marker encountered.
src/pages/Dashboard.tsx(56,1): error TS1185: Merge conflict marker encountered.
src/pages/Dashboard.tsx(64,1): error TS1185: Merge conflict marker encountered.
src/pages/Dashboard.tsx(66,1): error TS1185: Merge conflict marker encountered.
src/pages/Dashboard.tsx(68,1): error TS1185: Merge conflict marker encountered.
src/pages/Dashboard.tsx(73,1): error TS1185: Merge conflict marker encountered.
src/pages/Dashboard.tsx(74,1): error TS1185: Merge conflict marker encountered.
src/pages/Dashboard.tsx(76,1): error TS1185: Merge conflict marker encountered.
src/pages/Dashboard.tsx(85,1): error TS1185: Merge conflict marker encountered.
src/pages/Dashboard.tsx(90,1): error TS1185: Merge conflict marker encountered.
src/pages/Dashboard.tsx(95,1): error TS1185: Merge conflict marker encountered.
src/pages/Dashboard.tsx(115,1): error TS1185: Merge conflict marker encountered.
src/pages/Dashboard.tsx(120,1): error TS1185: Merge conflict marker encountered.
src/pages/Dashboard.tsx(134,1): error TS1185: Merge conflict marker encountered.
src/pages/Dashboard.tsx(140,40): error TS1005: '</' expected.
src/pages/Dashboard.tsx(141,1): error TS1185: Merge conflict marker encountered.
src/pages/Dashboard.tsx(142,7): error TS2657: JSX expressions must have one parent element.
src/pages/Dashboard.tsx(143,1): error TS1185: Merge conflict marker encountered.
src/pages/Dashboard.tsx(148,1): error TS1185: Merge conflict marker encountered.
src/pages/Dashboard.tsx(153,23): error TS1005: ';' expected.
src/pages/Dashboard.tsx(153,23): error TS1005: '</' expected.
src/pages/Dashboard.tsx(154,1): error TS1185: Merge conflict marker encountered.
src/pages/Dashboard.tsx(155,22): error TS1127: Invalid character.
src/pages/Dashboard.tsx(155,38): error TS1005: ',' expected.
src/pages/Dashboard.tsx(156,1): error TS1185: Merge conflict marker encountered.
src/pages/Dashboard.tsx(158,1): error TS1185: Merge conflict marker encountered.
src/pages/Dashboard.tsx(159,11): error TS1128: Declaration or statement expected.
src/pages/Dashboard.tsx(160,9): error TS1109: Expression expected.
src/pages/Dashboard.tsx(160,10): error TS1128: Declaration or statement expected.
src/pages/Dashboard.tsx(161,7): error TS1128: Declaration or statement expected.
src/pages/Dashboard.tsx(163,7): error TS2657: JSX expressions must have one parent element.
src/pages/Dashboard.tsx(164,1): error TS1185: Merge conflict marker encountered.
src/pages/Dashboard.tsx(238,1): error TS1382: Unexpected token. Did you mean `{'>'}` or `&gt;`?
src/pages/Dashboard.tsx(238,2): error TS1382: Unexpected token. Did you mean `{'>'}` or `&gt;`?
src/pages/Dashboard.tsx(238,3): error TS1382: Unexpected token. Did you mean `{'>'}` or `&gt;`?
src/pages/Dashboard.tsx(238,4): error TS1382: Unexpected token. Did you mean `{'>'}` or `&gt;`?
src/pages/Dashboard.tsx(238,5): error TS1382: Unexpected token. Did you mean `{'>'}` or `&gt;`?
src/pages/Dashboard.tsx(238,6): error TS1382: Unexpected token. Did you mean `{'>'}` or `&gt;`?
src/pages/Dashboard.tsx(238,7): error TS1382: Unexpected token. Did you mean `{'>'}` or `&gt;`?
src/pages/Dashboard.tsx(243,1): error TS1185: Merge conflict marker encountered.
src/pages/Dashboard.tsx(255,1): error TS1185: Merge conflict marker encountered.
src/pages/Dashboard.tsx(271,1): error TS1185: Merge conflict marker encountered.
src/pages/Dashboard.tsx(275,7): error TS17002: Expected corresponding JSX closing tag for 'button'.
src/pages/Dashboard.tsx(276,3): error TS1128: Declaration or statement expected.
src/pages/Dashboard.tsx(277,1): error TS1185: Merge conflict marker encountered.
src/pages/Dashboard.tsx(278,1): error TS1128: Declaration or statement expected.
src/pages/Dashboard.tsx(279,1): error TS1185: Merge conflict marker encountered.
src/pages/Dashboard.tsx(281,1): error TS1185: Merge conflict marker encountered.
src/pages/dashboard/audit.tsx(1,1): error TS1185: Merge conflict marker encountered.
src/pages/dashboard/audit.tsx(44,1): error TS1185: Merge conflict marker encountered.
src/pages/dashboard/audit.tsx(56,1): error TS1185: Merge conflict marker encountered.
src/pages/exchange.tsx(1,1): error TS1185: Merge conflict marker encountered.
src/pages/exchange.tsx(41,1): error TS1185: Merge conflict marker encountered.
src/pages/exchange.tsx(72,1): error TS1185: Merge conflict marker encountered.
src/pages/fees.tsx(1,1): error TS1185: Merge conflict marker encountered.
src/pages/fees.tsx(22,1): error TS1185: Merge conflict marker encountered.
src/pages/fees.tsx(46,1): error TS1185: Merge conflict marker encountered.
src/pages/fees.tsx(53,1): error TS1185: Merge conflict marker encountered.
src/pages/fees.tsx(56,1): error TS1185: Merge conflict marker encountered.
src/pages/fees.tsx(59,1): error TS1185: Merge conflict marker encountered.
src/pages/fees.tsx(64,1): error TS1185: Merge conflict marker encountered.
src/pages/fees.tsx(67,1): error TS1185: Merge conflict marker encountered.
src/pages/fees.tsx(70,1): error TS1185: Merge conflict marker encountered.
src/pages/fees.tsx(86,1): error TS1185: Merge conflict marker encountered.
src/pages/fees.tsx(89,1): error TS1185: Merge conflict marker encountered.
src/pages/fees.tsx(92,1): error TS1185: Merge conflict marker encountered.
src/pages/fees.tsx(98,67): error TS1005: '</' expected.
src/pages/fees.tsx(99,1): error TS1185: Merge conflict marker encountered.
src/pages/fees.tsx(100,9): error TS2657: JSX expressions must have one parent element.
src/pages/fees.tsx(138,1): error TS1382: Unexpected token. Did you mean `{'>'}` or `&gt;`?
src/pages/fees.tsx(138,2): error TS1382: Unexpected token. Did you mean `{'>'}` or `&gt;`?
src/pages/fees.tsx(138,3): error TS1382: Unexpected token. Did you mean `{'>'}` or `&gt;`?
src/pages/fees.tsx(138,4): error TS1382: Unexpected token. Did you mean `{'>'}` or `&gt;`?
src/pages/fees.tsx(138,5): error TS1382: Unexpected token. Did you mean `{'>'}` or `&gt;`?
src/pages/fees.tsx(138,6): error TS1382: Unexpected token. Did you mean `{'>'}` or `&gt;`?
src/pages/fees.tsx(138,7): error TS1382: Unexpected token. Did you mean `{'>'}` or `&gt;`?
src/pages/fees.tsx(140,9): error TS17002: Expected corresponding JSX closing tag for 'p'.
src/pages/fees.tsx(156,5): error TS1128: Declaration or statement expected.
src/pages/fees.tsx(157,1): error TS1185: Merge conflict marker encountered.
src/pages/fees.tsx(158,3): error TS1109: Expression expected.
src/pages/fees.tsx(160,1): error TS1185: Merge conflict marker encountered.
src/pages/fees.tsx(163,1): error TS1185: Merge conflict marker encountered.
src/pages/kyc/appeal.tsx(1,1): error TS1185: Merge conflict marker encountered.
src/pages/kyc/appeal.tsx(33,1): error TS1185: Merge conflict marker encountered.
src/pages/kyc/appeal.tsx(69,1): error TS1185: Merge conflict marker encountered.
src/pages/kyc/appeal.tsx(75,1): error TS1185: Merge conflict marker encountered.
src/pages/kyc/appeal.tsx(95,1): error TS1185: Merge conflict marker encountered.
src/pages/kyc/appeal.tsx(134,1): error TS1185: Merge conflict marker encountered.
src/pages/kyc/certificate.tsx(17,1): error TS1185: Merge conflict marker encountered.
src/pages/kyc/certificate.tsx(19,1): error TS1185: Merge conflict marker encountered.
src/pages/kyc/certificate.tsx(21,1): error TS1185: Merge conflict marker encountered.
src/pages/kyc/guide.tsx(1,1): error TS1185: Merge conflict marker encountered.
src/pages/kyc/guide.tsx(31,1): error TS1185: Merge conflict marker encountered.
src/pages/kyc/guide.tsx(65,1): error TS1185: Merge conflict marker encountered.
src/pages/kyc/status.tsx(1,1): error TS1185: Merge conflict marker encountered.
src/pages/kyc/status.tsx(81,1): error TS1185: Merge conflict marker encountered.
src/pages/kyc/status.tsx(150,1): error TS1185: Merge conflict marker encountered.
src/pages/kyc/submission.tsx(17,1): error TS1185: Merge conflict marker encountered.
src/pages/kyc/submission.tsx(19,1): error TS1185: Merge conflict marker encountered.
src/pages/kyc/submission.tsx(21,1): error TS1185: Merge conflict marker encountered.
src/pages/offers.tsx(113,1): error TS1185: Merge conflict marker encountered.
src/pages/offers.tsx(115,1): error TS1185: Merge conflict marker encountered.
src/pages/offers.tsx(117,1): error TS1185: Merge conflict marker encountered.
src/pages/offers/create.tsx(1,1): error TS1185: Merge conflict marker encountered.
src/pages/offers/create.tsx(56,1): error TS1185: Merge conflict marker encountered.
src/pages/offers/create.tsx(94,1): error TS1185: Merge conflict marker encountered.
src/pages/preview.tsx(1,1): error TS1185: Merge conflict marker encountered.
src/pages/preview.tsx(46,1): error TS1185: Merge conflict marker encountered.
src/pages/preview.tsx(250,1): error TS1185: Merge conflict marker encountered.
src/pages/signin.tsx(1,1): error TS1185: Merge conflict marker encountered.
src/pages/signin.tsx(8,1): error TS1185: Merge conflict marker encountered.
src/pages/signin.tsx(20,1): error TS1185: Merge conflict marker encountered.
src/pages/signin.tsx(33,1): error TS1185: Merge conflict marker encountered.
src/pages/signin.tsx(42,1): error TS1185: Merge conflict marker encountered.
src/pages/signin.tsx(61,1): error TS1185: Merge conflict marker encountered.
src/pages/signin.tsx(81,37): error TS1005: '</' expected.
src/pages/signin.tsx(82,1): error TS1185: Merge conflict marker encountered.
src/pages/signin.tsx(83,9): error TS2657: JSX expressions must have one parent element.
src/pages/signin.tsx(126,1): error TS1382: Unexpected token. Did you mean `{'>'}` or `&gt;`?
src/pages/signin.tsx(126,2): error TS1382: Unexpected token. Did you mean `{'>'}` or `&gt;`?
src/pages/signin.tsx(126,3): error TS1382: Unexpected token. Did you mean `{'>'}` or `&gt;`?
src/pages/signin.tsx(126,4): error TS1382: Unexpected token. Did you mean `{'>'}` or `&gt;`?
src/pages/signin.tsx(126,5): error TS1382: Unexpected token. Did you mean `{'>'}` or `&gt;`?
src/pages/signin.tsx(126,6): error TS1382: Unexpected token. Did you mean `{'>'}` or `&gt;`?
src/pages/signin.tsx(126,7): error TS1382: Unexpected token. Did you mean `{'>'}` or `&gt;`?
src/pages/signin.tsx(129,9): error TS17002: Expected corresponding JSX closing tag for 'button'.
src/pages/signin.tsx(130,5): error TS1128: Declaration or statement expected.
src/pages/signin.tsx(131,3): error TS1109: Expression expected.
src/pages/support.tsx(15,1): error TS1185: Merge conflict marker encountered.
src/pages/support.tsx(17,1): error TS1185: Merge conflict marker encountered.
src/pages/support.tsx(19,1): error TS1185: Merge conflict marker encountered.
src/protocol/matching/TestHarness.test.ts(1,1): error TS1185: Merge conflict marker encountered.
src/protocol/matching/TestHarness.test.ts(2,1): error TS1185: Merge conflict marker encountered.
src/protocol/matching/TestHarness.test.ts(4,1): error TS1185: Merge conflict marker encountered.
src/protocol/matching/TestHarness.test.ts(23,1): error TS1185: Merge conflict marker encountered.
src/protocol/matching/TestHarness.test.ts(25,1): error TS1185: Merge conflict marker encountered.
src/protocol/matching/TestHarness.test.ts(27,1): error TS1185: Merge conflict marker encountered.
src/server/routes.ts(1,1): error TS1185: Merge conflict marker encountered.
src/server/routes.ts(5,1): error TS1185: Merge conflict marker encountered.
src/server/routes.ts(16,1): error TS1185: Merge conflict marker encountered.
src/utils/api.ts(1,1): error TS1185: Merge conflict marker encountered.
src/utils/api.ts(6,1): error TS1185: Merge conflict marker encountered.
src/utils/api.ts(29,1): error TS1185: Merge conflict marker encountered.
src/utils/api.ts(38,1): error TS1185: Merge conflict marker encountered.
src/utils/api.ts(40,1): error TS1185: Merge conflict marker encountered.
src/utils/api.ts(53,1): error TS1185: Merge conflict marker encountered.
src/utils/api.ts(60,1): error TS1185: Merge conflict marker encountered.
src/utils/api.ts(62,1): error TS1185: Merge conflict marker encountered.
src/utils/api.ts(64,1): error TS1185: Merge conflict marker encountered.
src/utils/api.ts(72,1): error TS1185: Merge conflict marker encountered.
src/utils/api.ts(77,1): error TS1185: Merge conflict marker encountered.
src/utils/api.ts(83,1): error TS1185: Merge conflict marker encountered.
